{
  "qInfo": {
    "qId": "object-using-inline",
    "qType": "my-hypercube"
  },
  "qMetaDef": {},
  "qHyperCubeDef": {
    "qDimensions": [
      {
        "qDef": {
          "qGrouping": "N",
          "qFieldDefs": [
            "xyz"
          ],
          "qFieldLabels": [],
          "qSortCriterias": [],
          "qNumberPresentations": [],
          "qActiveField": 0
        },
        "qOtherTotalSpec": {
          "qOtherMode": "OTHER_OFF",
          "qOtherCounted": {},
          "qOtherLimit": {},
          "qOtherLimitMode": "OTHER_GT_LIMIT",
          "qForceBadValueKeeping": true,
          "qApplyEvenWhenPossiblyWrongResult": true,
          "qOtherSortMode": "OTHER_SORT_DESCENDING",
          "qTotalMode": "TOTAL_OFF",
          "qReferencedExpression": {}
        },
        "qOtherLabel": {},
        "qTotalLabel": {},
        "qCalcCond": {},
        "qAttributeExpressions": [],
        "qAttributeDimensions": [],
        "qCalcCondition": {
          "qCond": {},
          "qMsg": {}
        }
      }
    ],
    "qMeasures": [
      {
        "qDef": {
          "qTags": [],
          "qGrouping": "N",
          "qDef": "count(numbers)",
          "qAccumulate": 0,
          "qActiveExpression": 0,
          "qExpressions": []
        },
        "qSortBy": {
          "qSortByFrequency": 1,
          "qExpression": {}
        },
        "qAttributeExpressions": [],
        "qAttributeDimensions": [],
        "qCalcCond": {},
        "qCalcCondition": {
          "qCond": {},
          "qMsg": {}
        },
        "qTrendLines": [],
        "qMiniChartDef": {
          "qSortBy": {
            "qExpression": {}
          },
          "qOtherTotalSpec": {
            "qOtherMode": "OTHER_OFF",
            "qOtherCounted": {},
            "qOtherLimit": {},
            "qOtherLimitMode": "OTHER_GT_LIMIT",
            "qForceBadValueKeeping": true,
            "qApplyEvenWhenPossiblyWrongResult": true,
            "qOtherSortMode": "OTHER_SORT_DESCENDING",
            "qTotalMode": "TOTAL_OFF",
            "qReferencedExpression": {}
          },
          "qMaxNumberPoints": -1,
          "qAttributeExpressions": []
        }
      }
    ],
    "qInterColumnSortOrder": [],
    "qInitialDataFetch": [
      {
        "qLeft": 0,
        "qTop": 0,
        "qWidth": 50,
        "qHeight": 20
      }
    ],
    "qReductionMode": "N",
    "qMode": "S",
    "qPseudoDimPos": -1,
    "qNoOfLeftDims": -1,
    "qMaxStackedCells": 5000,
    "qCalcCond": {},
    "qTitle": {},
    "qCalcCondition": {
      "qCond": {},
      "qMsg": {}
    },
    "qColumnOrder": [],
    "qExpansionState": [],
    "qDynamicScript": [],
    "customProperty": "should be filtered by the minimum flag"
  }
}
