{
  "qProperty": {
    "qInfo": {
      "qId": "a699ee97-152d-4470-9655-ae7c82d71491",
      "qType": "sheet"
    },
    "qMetaDef": {
      "title": "My new sheet 2",
      "description": ""
    },
    "rank": null,
    "thumbnail": {
      "qStaticContentUrlDef": {}
    },
    "columns": 24,
    "rows": 12,
    "cells": [
      {
        "name": "sZAVcpj",
        "type": "auto-chart",
        "col": 0,
        "row": 0,
        "colspan": 24,
        "rowspan": 6
      },
      {
        "name": "gCCkr",
        "type": "auto-chart",
        "col": 0,
        "row": 6,
        "colspan": 24,
        "rowspan": 6
      }
    ],
    "qChildListDef": {
      "qData": {
        "title": "/title"
      }
    }
  },
  "qChildren": [
    {
      "qProperty": {
        "qInfo": {
          "qId": "sZAVcpj",
          "qType": "auto-chart"
        },
        "qMetaDef": {
          "title": "My new child object",
          "description": ""
        },
        "qHyperCubeDef": {
          "qDimensions": [
            {
              "qDef": {
                "qGrouping": "N",
                "qFieldDefs": [
                  "Field_1"
                ],
                "qFieldLabels": [
                  "Field_1"
                ],
                "qSortCriterias": [
                  {
                    "qSortByState": 1,
                    "qSortByNumeric": 1,
                    "qSortByAscii": 1,
                    "qSortByLoadOrder": 1,
                    "qExpression": {}
                  }
                ],
                "qNumberPresentations": [],
                "qActiveField": 0,
                "autoSort": true
              },
              "qOtherTotalSpec": {
                "qOtherMode": "OTHER_OFF",
                "qOtherCounted": {},
                "qOtherLimit": {},
                "qOtherLimitMode": "OTHER_GT_LIMIT",
                "qForceBadValueKeeping": true,
                "qApplyEvenWhenPossiblyWrongResult": true,
                "qOtherSortMode": "OTHER_SORT_DESCENDING",
                "qTotalMode": "TOTAL_OFF",
                "qReferencedExpression": {}
              },
              "qOtherLabel": {},
              "qTotalLabel": {},
              "qCalcCond": {},
              "qAttributeExpressions": [],
              "qAttributeDimensions": [],
              "qCalcCondition": {
                "qCond": {},
                "qMsg": {}
              }
            }
          ],
          "qMeasures": [],
          "qInterColumnSortOrder": [
            0
          ],
          "qSuppressMissing": true,
          "qInitialDataFetch": [],
          "qReductionMode": "N",
          "qMode": "S",
          "qPseudoDimPos": -1,
          "qNoOfLeftDims": -1,
          "qMaxStackedCells": 5000,
          "qCalcCond": {},
          "qTitle": {},
          "qCalcCondition": {
            "qCond": {},
            "qMsg": {}
          },
          "qColumnOrder": [],
          "qExpansionState": [],
          "qDynamicScript": []
        },
        "showTitles": true,
        "title": "",
        "subtitle": "",
        "footnote": "",
        "showDetails": false,
        "visualization": "auto-chart",
        "qUndoExclude": {
          "hashCode": 217337523,
          "generated": {
            "qHyperCubeDef": {
              "qDimensions": [
                {
                  "qDef": {
                    "qGrouping": "N",
                    "qFieldDefs": [
                      "Field_1"
                    ],
                    "qFieldLabels": [
                      "Field_1"
                    ],
                    "qSortCriterias": [
                      {
                        "qSortByAscii": 1,
                        "qSortByLoadOrder": 1,
                        "qExpression": {}
                      }
                    ],
                    "qNumberPresentations": [],
                    "qActiveField": 0,
                    "autoSort": true,
                    "cId": "qgaQvs",
                    "othersLabel": "Others",
                    "textAlign": {
                      "auto": true,
                      "align": "left"
                    },
                    "representation": {
                      "type": "text",
                      "urlLabel": ""
                    }
                  },
                  "qOtherTotalSpec": {
                    "qOtherMode": "OTHER_OFF",
                    "qOtherCounted": {},
                    "qOtherLimit": {},
                    "qOtherLimitMode": "OTHER_GT_LIMIT",
                    "qForceBadValueKeeping": true,
                    "qApplyEvenWhenPossiblyWrongResult": true,
                    "qOtherSortMode": "OTHER_SORT_DESCENDING",
                    "qTotalMode": "TOTAL_OFF",
                    "qReferencedExpression": {}
                  },
                  "qOtherLabel": {},
                  "qTotalLabel": {},
                  "qCalcCond": {},
                  "qAttributeExpressions": [],
                  "qAttributeDimensions": [],
                  "qCalcCondition": {
                    "qCond": {},
                    "qMsg": {}
                  },
                  "othersLabel": "Others"
                }
              ],
              "qMeasures": [],
              "qInterColumnSortOrder": [
                0
              ],
              "qSuppressMissing": true,
              "qInitialDataFetch": [
                {
                  "qLeft": 0,
                  "qTop": 0,
                  "qWidth": 0,
                  "qHeight": 0
                }
              ],
              "qReductionMode": "N",
              "qMode": "S",
              "qPseudoDimPos": -1,
              "qNoOfLeftDims": -1,
              "qMaxStackedCells": 5000,
              "qCalcCond": {},
              "qTitle": {},
              "qCalcCondition": {
                "qCond": {},
                "qMsg": {}
              },
              "qColumnOrder": [
                0
              ],
              "qExpansionState": [],
              "qDynamicScript": [],
              "columnOrder": [
                0
              ],
              "columnWidths": [
                -1
              ]
            },
            "showTitles": true,
            "title": "",
            "subtitle": "",
            "footnote": "",
            "showDetails": false,
            "totals": {
              "show": true,
              "position": "noTotals",
              "label": "Totals"
            },
            "scrolling": {
              "keepFirstColumnInView": false
            },
            "multiline": {
              "wrapTextInHeaders": true,
              "wrapTextInCells": true
            },
            "qInfo": {
              "qType": "table"
            },
            "visualization": "table",
            "qLayoutExclude": {
              "disabled": {},
              "quarantine": {}
            }
          }
        }
      },
      "qChildren": []
    },
    {
      "qProperty": {
        "qInfo": {
          "qId": "gCCkr",
          "qType": "auto-chart"
        },
        "qMetaDef": {},
        "qHyperCubeDef": {
          "qDimensions": [
            {
              "qLibraryId": "TYDsdh",
              "qDef": {
                "qGrouping": "N",
                "qFieldDefs": [],
                "qFieldLabels": [],
                "qSortCriterias": [],
                "qNumberPresentations": [],
                "qActiveField": 0
              },
              "qOtherTotalSpec": {
                "qOtherMode": "OTHER_OFF",
                "qOtherCounted": {},
                "qOtherLimit": {},
                "qOtherLimitMode": "OTHER_GT_LIMIT",
                "qForceBadValueKeeping": true,
                "qApplyEvenWhenPossiblyWrongResult": true,
                "qOtherSortMode": "OTHER_SORT_DESCENDING",
                "qTotalMode": "TOTAL_OFF",
                "qReferencedExpression": {}
              },
              "qOtherLabel": {},
              "qTotalLabel": {},
              "qCalcCond": {},
              "qAttributeExpressions": [],
              "qAttributeDimensions": [],
              "qCalcCondition": {
                "qCond": {},
                "qMsg": {}
              }
            }
          ],
          "qMeasures": [],
          "qInterColumnSortOrder": [
            0
          ],
          "qSuppressMissing": true,
          "qInitialDataFetch": [],
          "qReductionMode": "N",
          "qMode": "S",
          "qPseudoDimPos": -1,
          "qNoOfLeftDims": -1,
          "qMaxStackedCells": 5000,
          "qCalcCond": {},
          "qTitle": {},
          "qCalcCondition": {
            "qCond": {},
            "qMsg": {}
          },
          "qColumnOrder": [],
          "qExpansionState": [],
          "qDynamicScript": []
        },
        "showTitles": false,
        "title": "",
        "subtitle": "",
        "footnote": "",
        "showDetails": false,
        "visualization": "auto-chart",
        "qUndoExclude": {
          "hashCode": 231083087,
          "generated": {
            "qHyperCubeDef": {
              "qDimensions": [
                {
                  "qLibraryId": "TYDsdh",
                  "qDef": {
                    "qGrouping": "N",
                    "qFieldDefs": [],
                    "qFieldLabels": [],
                    "qSortCriterias": [
                      {
                        "qSortByAscii": 1,
                        "qSortByLoadOrder": 1,
                        "qExpression": {}
                      }
                    ],
                    "qNumberPresentations": [],
                    "qActiveField": 0,
                    "autoSort": true,
                    "cId": "uLGm",
                    "othersLabel": "Others",
                    "textAlign": {
                      "auto": true,
                      "align": "left"
                    },
                    "representation": {
                      "type": "text",
                      "urlLabel": ""
                    }
                  },
                  "qOtherTotalSpec": {
                    "qOtherMode": "OTHER_OFF",
                    "qOtherCounted": {},
                    "qOtherLimit": {},
                    "qOtherLimitMode": "OTHER_GT_LIMIT",
                    "qForceBadValueKeeping": true,
                    "qApplyEvenWhenPossiblyWrongResult": true,
                    "qOtherSortMode": "OTHER_SORT_DESCENDING",
                    "qTotalMode": "TOTAL_OFF",
                    "qReferencedExpression": {}
                  },
                  "qOtherLabel": {},
                  "qTotalLabel": {},
                  "qCalcCond": {},
                  "qAttributeExpressions": [],
                  "qAttributeDimensions": [],
                  "qCalcCondition": {
                    "qCond": {},
                    "qMsg": {}
                  },
                  "othersLabel": "Others"
                }
              ],
              "qMeasures": [],
              "qInterColumnSortOrder": [
                0
              ],
              "qSuppressMissing": true,
              "qInitialDataFetch": [
                {
                  "qLeft": 0,
                  "qTop": 0,
                  "qWidth": 0,
                  "qHeight": 0
                }
              ],
              "qReductionMode": "N",
              "qMode": "S",
              "qPseudoDimPos": -1,
              "qNoOfLeftDims": -1,
              "qMaxStackedCells": 5000,
              "qCalcCond": {},
              "qTitle": {},
              "qCalcCondition": {
                "qCond": {},
                "qMsg": {}
              },
              "qColumnOrder": [
                0
              ],
              "qExpansionState": [],
              "qDynamicScript": [],
              "columnOrder": [
                0
              ],
              "columnWidths": [
                -1
              ]
            },
            "showTitles": false,
            "title": "",
            "subtitle": "",
            "footnote": "",
            "showDetails": false,
            "totals": {
              "show": true,
              "position": "noTotals",
              "label": "Totals"
            },
            "scrolling": {
              "keepFirstColumnInView": false
            },
            "multiline": {
              "wrapTextInHeaders": true,
              "wrapTextInCells": true
            },
            "qInfo": {
              "qType": "table"
            },
            "visualization": "table",
            "qLayoutExclude": {
              "disabled": {},
              "quarantine": {}
            }
          }
        }
      },
      "qChildren": []
    }
  ]
}
